../Core/Inc/dwt_stm32_delay.h:25:22:DWT_Delay_us	24	static
../Core/Src/callcmd.c:35:6:SMprintf	16	static
../Core/Src/callcmd.c:48:7:ktolower	16	static
../Core/Src/callcmd.c:55:6:cpybuf	24	static
../Core/Src/callcmd.c:65:5:kstrncmp	24	static
../Core/Src/callcmd.c:82:5:atoh	24	static
../Core/Src/callcmd.c:103:6:get_char_os	16	static
../Core/Src/callcmd.c:125:5:bfm_msg_mon	16	static
../Core/Src/callcmd.c:131:5:uart_data_test	24	static
../Core/Src/callcmd.c:150:5:get_nstring	40	static
../Core/Src/callcmd.c:196:6:get_io_number	56	static
../Core/Src/callcmd.c:240:6:cmdcpy	16	static
../Core/Src/callcmd.c:252:5:fill	24	static
../Core/Src/callcmd.c:261:5:kstrlen	16	static
../Core/Src/callcmd.c:273:5:parse_string	288	static
../Core/Src/callcmd.c:319:6:onl_monitor	120	static
../Core/Src/callcmd.c:401:5:monitor_chelp	112	static
../Core/Src/callcmd.c:421:5:monitor_lshelp	104	static
../Core/Src/callcmd.c:443:6:prt_hexbnb	72	static
../Core/Src/callcmd.c:471:6:os_delay	24	static
../Core/Src/callcmd.c:496:5:dsp_mem	64	static
../Core/Src/callcmd.c:552:5:chg_mem	32	static
../Core/Src/callcmd.c:630:5:DHT11	16	static
../Core/Src/callcmd.c:643:6:delayMicroseconds	16	static
../Core/Src/callcmd.c:648:6:Delay_us	24	static
../Core/Src/callcmd.c:654:5:AlarmSet	32	static
../Core/Src/callcmd.c:691:5:SETTime	64	static
../Core/Src/callcmd.c:730:5:DisTime	24	static
../Core/Src/callcmd.c:741:5:RTCTest	16	static
