../Core/Src/callcmd.c:26:6:SMprintf	16	static
../Core/Src/callcmd.c:39:7:ktolower	16	static
../Core/Src/callcmd.c:46:6:cpybuf	24	static
../Core/Src/callcmd.c:56:5:kstrncmp	24	static
../Core/Src/callcmd.c:73:5:atoh	24	static
../Core/Src/callcmd.c:94:6:get_char_os	16	static
../Core/Src/callcmd.c:116:5:bfm_msg_mon	16	static
../Core/Src/callcmd.c:122:5:uart_data_test	24	static
../Core/Src/callcmd.c:141:5:get_nstring	40	static
../Core/Src/callcmd.c:187:6:get_io_number	56	static
../Core/Src/callcmd.c:231:6:cmdcpy	16	static
../Core/Src/callcmd.c:243:5:fill	24	static
../Core/Src/callcmd.c:252:5:kstrlen	16	static
../Core/Src/callcmd.c:264:5:parse_string	288	static
../Core/Src/callcmd.c:310:6:onl_monitor	120	static
../Core/Src/callcmd.c:392:5:monitor_chelp	112	static
../Core/Src/callcmd.c:412:5:monitor_lshelp	104	static
../Core/Src/callcmd.c:434:6:prt_hexbnb	72	static
../Core/Src/callcmd.c:462:6:os_delay	24	static
../Core/Src/callcmd.c:477:5:dsp_mem	64	static
../Core/Src/callcmd.c:533:5:chg_mem	32	static
