../Core/Src/main.c:82:5:main	104	static
../Core/Src/main.c:168:6:SystemClock_Config	88	static
../Core/Src/main.c:215:13:MX_RTC_Init	72	static
../Core/Src/main.c:297:13:MX_USART3_UART_Init	8	static
../Core/Src/main.c:330:13:MX_USB_OTG_FS_PCD_Init	8	static
../Core/Src/main.c:365:13:MX_GPIO_Init	56	static
../Core/Src/main.c:450:6:UART_Interrupt_Processing	16	static
../Core/Src/main.c:470:6:StartDefaultTask	16	static
../Core/Src/main.c:488:6:StartTask02	16	static
../Core/Src/main.c:516:6:StartTask03	16	static
../Core/Src/main.c:535:6:HAL_TIM_PeriodElapsedCallback	16	static
../Core/Src/main.c:552:6:Error_Handler	4	static,ignoring_inline_asm
